// Jest Snapshot v1, https://goo.gl/fbAQLP

exports[`Storyshots Atoms サンプル 1`] = `
<div>
  サンプル
</div>
`;
